test1.75223 1.01954 0.986125 1.6783 1.81085 1.65844 1.92991 1.93792 1.99655 0.826052
1.45227 1.60203 1.03552 1.67698 1.14828 1.77139 0.942672 1.0183 1.37977 1.70708
1.95703 2.0461 1.25354 2.04787 2.54275 1.39789 1.08298 1.29484 1.41435 1.07269
1.06486 0.6903 1.26981 2.16734 2.30433 0.43485 1.15665 2.07851 1.9343 1.67591
0.722825 0.897389 2.2332 1.35902 1.42076 1.46589 2.1879 1.37597 2.02711 2.25098
0.494815 2.05071 1.6052 1.26206 1.19903 1.38301 1.73265 2.43462 1.59701 1.21766
1.6096 1.41848 2.18358 0.996056 1.79931 1.11205 1.2062 1.40372 1.24555 1.78096
1.12859 1.32675 1.49258 1.91064 1.45989 0.885079 1.236 0.590528 1.1845 1.14603
1.76858 0.830332 0.882741 1.97776 1.43902 2.36061 1.33587 1.46687 1.94686 1.93887
1.34087 2.58599 1.09086 2.3607 0.771274 2.26763 1.01604 1.98971 0.837692 1.0617
